// Jest Snapshot v1, https://goo.gl/fbAQLP

exports[`collectDebugSymbols collects information about constants 1`] = `
{
  "constants": [
    {
      "declaration": "0xBEEF",
      "name": "h",
      "type": "int",
      "value": "48879",
    },
    {
      "declaration": "1000",
      "name": "k",
      "type": "int",
      "value": "1000",
    },
    {
      "declaration": ""hello"",
      "name": "l",
      "type": "slice",
      "value": "x{68656c6c6f}",
    },
    {
      "declaration": ""cafe"s",
      "name": "m",
      "type": "slice",
      "value": "x{cafe}",
    },
    {
      "declaration": ""Ef8zMzMzMzMzMzMzMzMzMzMzMzMzMzMzMzMzMzMzMzMzM0vF"a",
      "name": "n",
      "type": "slice",
      "value": "x{9fe6666666666666666666666666666666666666666666666666666666666666667_}",
    },
    {
      "declaration": ""ping"u",
      "name": "o",
      "type": "int",
      "value": "1885957735",
    },
    {
      "declaration": ""tranfser"h",
      "name": "p",
      "type": "int",
      "value": "1951942752",
    },
    {
      "declaration": ""tranfser"H",
      "name": "q",
      "type": "int",
      "value": "52624272503553231905816075160042524215763620945865102247584047589936797967283",
    },
    {
      "declaration": ""tranfser"c",
      "name": "r",
      "type": "int",
      "value": "1025402358",
    },
  ],
  "globals": [],
  "procedures": [
    {
      "cellHash": "a0eacc9676d4e13d5bade93200eee2734baf0ad2256df4ee1983c5e6ce29c388",
      "methodId": 0,
      "name": "main",
    },
    {
      "cellHash": "40956732df8dbebee9f697ef04dcfc498b671e7167ca2b898e85dbc737089012",
      "methodId": 78674,
      "name": "getConstants",
    },
  ],
}
`;

exports[`collectDebugSymbols collects information about procedures and globals 1`] = `
{
  "constants": [],
  "globals": [
    {
      "index": 1,
      "name": "a",
    },
    {
      "index": 2,
      "name": "b",
    },
    {
      "index": 3,
      "name": "c",
    },
  ],
  "procedures": [
    {
      "cellHash": "b1b3726fb943fec8e144bb0e470a74a891fa4948fbc50b85ca1981e5444dfb4b",
      "methodId": 0,
      "name": "main",
    },
    {
      "cellHash": "f8664b544b6b2451eb1826d6fc9c70fcd94f89a092391fa68355ea1c08b51c0d",
      "methodId": 1,
      "name": "throwInline",
    },
    {
      "cellHash": "7219c22ada21ad364e5e0844e953e759e275b68603c645c29c15ffa57e2d47e3",
      "methodId": 2,
      "name": "throwInlineRef",
    },
    {
      "cellHash": "588d70db264b8d53c52e563524749977fd62985d6bda14e3a9b83dd5ba9c9041",
      "methodId": 88,
      "name": "throwGet",
    },
  ],
}
`;
